Release 14.7 - xst P.20131013 (lin64)
Copyright (c) 1995-2013 Xilinx, Inc.  All rights reserved.
--> 
Parameter TMPDIR set to xst/projnav.tmp


Total REAL time to Xst completion: 0.00 secs
Total CPU time to Xst completion: 0.22 secs
 
--> 
Parameter xsthdpdir set to xst


Total REAL time to Xst completion: 0.00 secs
Total CPU time to Xst completion: 0.22 secs
 
--> 
Reading design: LED_blinker.prj

TABLE OF CONTENTS
  1) Synthesis Options Summary
  2) HDL Parsing
  3) HDL Elaboration
  4) HDL Synthesis
       4.1) HDL Synthesis Report
  5) Advanced HDL Synthesis
       5.1) Advanced HDL Synthesis Report
  6) Low Level Synthesis
  7) Partition Report
  8) Design Summary
       8.1) Primitive and Black Box Usage
       8.2) Device utilization summary
       8.3) Partition Resource Summary
       8.4) Timing Report
            8.4.1) Clock Information
            8.4.2) Asynchronous Control Signals Information
            8.4.3) Timing Summary
            8.4.4) Timing Details
            8.4.5) Cross Clock Domains Report


=========================================================================
*                      Synthesis Options Summary                        *
=========================================================================
---- Source Parameters
Input File Name                    : "LED_blinker.prj"
Ignore Synthesis Constraint File   : NO

---- Target Parameters
Output File Name                   : "LED_blinker"
Output Format                      : NGC
Target Device                      : xc7a100t-3-csg324

---- Source Options
Top Module Name                    : LED_blinker
Automatic FSM Extraction           : YES
FSM Encoding Algorithm             : Auto
Safe Implementation                : No
FSM Style                          : LUT
RAM Extraction                     : Yes
RAM Style                          : Auto
ROM Extraction                     : Yes
Shift Register Extraction          : YES
ROM Style                          : Auto
Resource Sharing                   : YES
Asynchronous To Synchronous        : NO
Shift Register Minimum Size        : 2
Use DSP Block                      : Auto
Automatic Register Balancing       : No

---- Target Options
LUT Combining                      : Auto
Reduce Control Sets                : Auto
Add IO Buffers                     : YES
Global Maximum Fanout              : 100000
Add Generic Clock Buffer(BUFG)     : 32
Register Duplication               : YES
Optimize Instantiated Primitives   : NO
Use Clock Enable                   : Auto
Use Synchronous Set                : Auto
Use Synchronous Reset              : Auto
Pack IO Registers into IOBs        : Auto
Equivalent register Removal        : YES

---- General Options
Optimization Goal                  : Speed
Optimization Effort                : 1
Power Reduction                    : NO
Keep Hierarchy                     : No
Netlist Hierarchy                  : As_Optimized
RTL Output                         : Yes
Global Optimization                : AllClockNets
Read Cores                         : YES
Write Timing Constraints           : NO
Cross Clock Analysis               : NO
Hierarchy Separator                : /
Bus Delimiter                      : <>
Case Specifier                     : Maintain
Slice Utilization Ratio            : 100
BRAM Utilization Ratio             : 100
DSP48 Utilization Ratio            : 100
Auto BRAM Packing                  : NO
Slice Utilization Ratio Delta      : 5

=========================================================================


=========================================================================
*                          HDL Parsing                                  *
=========================================================================
Analyzing Verilog file "/home/ise/Downloads/SimpleDoorLocking/Simple-door-lock-using-Verilog-HDL/LED_blinker.v" into library work
Parsing module <LED_blinker>.

=========================================================================
*                            HDL Elaboration                            *
=========================================================================

Elaborating module <LED_blinker>.

=========================================================================
*                           HDL Synthesis                               *
=========================================================================

Synthesizing Unit <LED_blinker>.
    Related source file is "/home/ise/Downloads/SimpleDoorLocking/Simple-door-lock-using-Verilog-HDL/LED_blinker.v".
        CLK_IN = 500
        FREQ_OUT = 5
    Found 1-bit register for signal <hz_out>.
    Found 32-bit register for signal <cnt>.
    Found 32-bit adder for signal <cnt[31]_GND_1_o_add_2_OUT> created at line 27.
    Found 32-bit comparator greater for signal <cnt[31]_GND_1_o_LessThan_2_o> created at line 26
    Summary:
	inferred   1 Adder/Subtractor(s).
	inferred  33 D-type flip-flop(s).
	inferred   1 Comparator(s).
Unit <LED_blinker> synthesized.

=========================================================================
HDL Synthesis Report

Macro Statistics
# Adders/Subtractors                                   : 1
 32-bit adder                                          : 1
# Registers                                            : 2
 1-bit register                                        : 1
 32-bit register                                       : 1
# Comparators                                          : 1
 32-bit comparator greater                             : 1

=========================================================================

=========================================================================
*                       Advanced HDL Synthesis                          *
=========================================================================


Synthesizing (advanced) Unit <LED_blinker>.
The following registers are absorbed into counter <cnt>: 1 register on signal <cnt>.
Unit <LED_blinker> synthesized (advanced).

=========================================================================
Advanced HDL Synthesis Report

Macro Statistics
# Counters                                             : 1
 32-bit up counter                                     : 1
# Registers                                            : 1
 Flip-Flops                                            : 1
# Comparators                                          : 1
 32-bit comparator greater                             : 1

=========================================================================

=========================================================================
*                         Low Level Synthesis                           *
=========================================================================

Optimizing unit <LED_blinker> ...
WARNING:Xst:1710 - FF/Latch <cnt_31> (without init value) has a constant value of 0 in block <LED_blinker>. This FF/Latch will be trimmed during the optimization process.
WARNING:Xst:1895 - Due to other FF/Latch trimming, FF/Latch <cnt_30> (without init value) has a constant value of 0 in block <LED_blinker>. This FF/Latch will be trimmed during the optimization process.
WARNING:Xst:1895 - Due to other FF/Latch trimming, FF/Latch <cnt_29> (without init value) has a constant value of 0 in block <LED_blinker>. This FF/Latch will be trimmed during the optimization process.
WARNING:Xst:1895 - Due to other FF/Latch trimming, FF/Latch <cnt_28> (without init value) has a constant value of 0 in block <LED_blinker>. This FF/Latch will be trimmed during the optimization process.
WARNING:Xst:1895 - Due to other FF/Latch trimming, FF/Latch <cnt_27> (without init value) has a constant value of 0 in block <LED_blinker>. This FF/Latch will be trimmed during the optimization process.
WARNING:Xst:1895 - Due to other FF/Latch trimming, FF/Latch <cnt_26> (without init value) has a constant value of 0 in block <LED_blinker>. This FF/Latch will be trimmed during the optimization process.
WARNING:Xst:1895 - Due to other FF/Latch trimming, FF/Latch <cnt_25> (without init value) has a constant value of 0 in block <LED_blinker>. This FF/Latch will be trimmed during the optimization process.
WARNING:Xst:1895 - Due to other FF/Latch trimming, FF/Latch <cnt_24> (without init value) has a constant value of 0 in block <LED_blinker>. This FF/Latch will be trimmed during the optimization process.
WARNING:Xst:1895 - Due to other FF/Latch trimming, FF/Latch <cnt_23> (without init value) has a constant value of 0 in block <LED_blinker>. This FF/Latch will be trimmed during the optimization process.
WARNING:Xst:1895 - Due to other FF/Latch trimming, FF/Latch <cnt_22> (without init value) has a constant value of 0 in block <LED_blinker>. This FF/Latch will be trimmed during the optimization process.
WARNING:Xst:1895 - Due to other FF/Latch trimming, FF/Latch <cnt_21> (without init value) has a constant value of 0 in block <LED_blinker>. This FF/Latch will be trimmed during the optimization process.
WARNING:Xst:1895 - Due to other FF/Latch trimming, FF/Latch <cnt_20> (without init value) has a constant value of 0 in block <LED_blinker>. This FF/Latch will be trimmed during the optimization process.
WARNING:Xst:1895 - Due to other FF/Latch trimming, FF/Latch <cnt_19> (without init value) has a constant value of 0 in block <LED_blinker>. This FF/Latch will be trimmed during the optimization process.
WARNING:Xst:1895 - Due to other FF/Latch trimming, FF/Latch <cnt_18> (without init value) has a constant value of 0 in block <LED_blinker>. This FF/Latch will be trimmed during the optimization process.
WARNING:Xst:1895 - Due to other FF/Latch trimming, FF/Latch <cnt_16> (without init value) has a constant value of 0 in block <LED_blinker>. This FF/Latch will be trimmed during the optimization process.
WARNING:Xst:1895 - Due to other FF/Latch trimming, FF/Latch <cnt_15> (without init value) has a constant value of 0 in block <LED_blinker>. This FF/Latch will be trimmed during the optimization process.
WARNING:Xst:1895 - Due to other FF/Latch trimming, FF/Latch <cnt_17> (without init value) has a constant value of 0 in block <LED_blinker>. This FF/Latch will be trimmed during the optimization process.
WARNING:Xst:1895 - Due to other FF/Latch trimming, FF/Latch <cnt_14> (without init value) has a constant value of 0 in block <LED_blinker>. This FF/Latch will be trimmed during the optimization process.
WARNING:Xst:1895 - Due to other FF/Latch trimming, FF/Latch <cnt_13> (without init value) has a constant value of 0 in block <LED_blinker>. This FF/Latch will be trimmed during the optimization process.
WARNING:Xst:1895 - Due to other FF/Latch trimming, FF/Latch <cnt_12> (without init value) has a constant value of 0 in block <LED_blinker>. This FF/Latch will be trimmed during the optimization process.
WARNING:Xst:1895 - Due to other FF/Latch trimming, FF/Latch <cnt_11> (without init value) has a constant value of 0 in block <LED_blinker>. This FF/Latch will be trimmed during the optimization process.
WARNING:Xst:1895 - Due to other FF/Latch trimming, FF/Latch <cnt_10> (without init value) has a constant value of 0 in block <LED_blinker>. This FF/Latch will be trimmed during the optimization process.
WARNING:Xst:1895 - Due to other FF/Latch trimming, FF/Latch <cnt_9> (without init value) has a constant value of 0 in block <LED_blinker>. This FF/Latch will be trimmed during the optimization process.
WARNING:Xst:1895 - Due to other FF/Latch trimming, FF/Latch <cnt_8> (without init value) has a constant value of 0 in block <LED_blinker>. This FF/Latch will be trimmed during the optimization process.
WARNING:Xst:1895 - Due to other FF/Latch trimming, FF/Latch <cnt_7> (without init value) has a constant value of 0 in block <LED_blinker>. This FF/Latch will be trimmed during the optimization process.
WARNING:Xst:1895 - Due to other FF/Latch trimming, FF/Latch <cnt_6> (without init value) has a constant value of 0 in block <LED_blinker>. This FF/Latch will be trimmed during the optimization process.

Mapping all equations...
Building and optimizing final netlist ...
Found area constraint ratio of 100 (+ 5) on block LED_blinker, actual ratio is 0.

Final Macro Processing ...

=========================================================================
Final Register Report

Macro Statistics
# Registers                                            : 7
 Flip-Flops                                            : 7

=========================================================================

=========================================================================
*                           Partition Report                            *
=========================================================================

Partition Implementation Status
-------------------------------

  No Partitions were found in this design.

-------------------------------

=========================================================================
*                            Design Summary                             *
=========================================================================

Top Level Output File Name         : LED_blinker.ngc

Primitive and Black Box Usage:
------------------------------
# BELS                             : 38
#      GND                         : 1
#      INV                         : 1
#      LUT1                        : 6
#      LUT2                        : 3
#      LUT3                        : 5
#      LUT4                        : 1
#      LUT5                        : 1
#      MUXCY                       : 13
#      VCC                         : 1
#      XORCY                       : 6
# FlipFlops/Latches                : 7
#      FD                          : 6
#      FDR                         : 1
# Clock Buffers                    : 1
#      BUFGP                       : 1
# IO Buffers                       : 3
#      IBUF                        : 2
#      OBUF                        : 1

Device utilization summary:
---------------------------

Selected Device : 7a100tcsg324-3 


Slice Logic Utilization: 
 Number of Slice Registers:               7  out of  126800     0%  
 Number of Slice LUTs:                   17  out of  63400     0%  
    Number used as Logic:                17  out of  63400     0%  

Slice Logic Distribution: 
 Number of LUT Flip Flop pairs used:     18
   Number with an unused Flip Flop:      11  out of     18    61%  
   Number with an unused LUT:             1  out of     18     5%  
   Number of fully used LUT-FF pairs:     6  out of     18    33%  
   Number of unique control sets:         2

IO Utilization: 
 Number of IOs:                           4
 Number of bonded IOBs:                   4  out of    210     1%  

Specific Feature Utilization:
 Number of BUFG/BUFGCTRLs:                1  out of     32     3%  

---------------------------
Partition Resource Summary:
---------------------------

  No Partitions were found in this design.

---------------------------


=========================================================================
Timing Report

NOTE: THESE TIMING NUMBERS ARE ONLY A SYNTHESIS ESTIMATE.
      FOR ACCURATE TIMING INFORMATION PLEASE REFER TO THE TRACE REPORT
      GENERATED AFTER PLACE-and-ROUTE.

Clock Information:
------------------
-----------------------------------+------------------------+-------+
Clock Signal                       | Clock buffer(FF name)  | Load  |
-----------------------------------+------------------------+-------+
i_clk                              | BUFGP                  | 7     |
-----------------------------------+------------------------+-------+

Asynchronous Control Signals Information:
----------------------------------------
No asynchronous control signals found in this design

Timing Summary:
---------------
Speed Grade: -3

   Minimum period: 2.070ns (Maximum Frequency: 482.998MHz)
   Minimum input arrival time before clock: 1.105ns
   Maximum output required time after clock: 1.121ns
   Maximum combinational path delay: 0.673ns

Timing Details:
---------------
All values displayed in nanoseconds (ns)

=========================================================================
Timing constraint: Default period analysis for Clock 'i_clk'
  Clock period: 2.070ns (frequency: 482.998MHz)
  Total number of paths / destination ports: 92 / 7
-------------------------------------------------------------------------
Delay:               2.070ns (Levels of Logic = 9)
  Source:            cnt_4 (FF)
  Destination:       cnt_1 (FF)
  Source Clock:      i_clk rising
  Destination Clock: i_clk rising

  Data Path: cnt_4 to cnt_1
                                Gate     Net
    Cell:in->out      fanout   Delay   Delay  Logical Name (Net Name)
    ----------------------------------------  ------------
     FD:C->Q               3   0.361   0.693  cnt_4 (cnt_4)
     LUT5:I0->O            1   0.097   0.000  Mcompar_cnt[31]_GND_1_o_LessThan_2_o_lut<0> (Mcompar_cnt[31]_GND_1_o_LessThan_2_o_lut<0>)
     MUXCY:S->O            1   0.353   0.000  Mcompar_cnt[31]_GND_1_o_LessThan_2_o_cy<0> (Mcompar_cnt[31]_GND_1_o_LessThan_2_o_cy<0>)
     MUXCY:CI->O           1   0.023   0.000  Mcompar_cnt[31]_GND_1_o_LessThan_2_o_cy<1> (Mcompar_cnt[31]_GND_1_o_LessThan_2_o_cy<1>)
     MUXCY:CI->O           1   0.023   0.000  Mcompar_cnt[31]_GND_1_o_LessThan_2_o_cy<2> (Mcompar_cnt[31]_GND_1_o_LessThan_2_o_cy<2>)
     MUXCY:CI->O           1   0.023   0.000  Mcompar_cnt[31]_GND_1_o_LessThan_2_o_cy<3> (Mcompar_cnt[31]_GND_1_o_LessThan_2_o_cy<3>)
     MUXCY:CI->O           1   0.023   0.000  Mcompar_cnt[31]_GND_1_o_LessThan_2_o_cy<4> (Mcompar_cnt[31]_GND_1_o_LessThan_2_o_cy<4>)
     MUXCY:CI->O           1   0.023   0.000  Mcompar_cnt[31]_GND_1_o_LessThan_2_o_cy<5> (Mcompar_cnt[31]_GND_1_o_LessThan_2_o_cy<5>)
     MUXCY:CI->O           7   0.023   0.323  Mcompar_cnt[31]_GND_1_o_LessThan_2_o_cy<6> (Mcompar_cnt[31]_GND_1_o_LessThan_2_o_cy<6>)
     LUT3:I2->O            1   0.097   0.000  cnt_5_rstpot (cnt_5_rstpot)
     FD:D                      0.008          cnt_5
    ----------------------------------------
    Total                      2.070ns (1.054ns logic, 1.016ns route)
                                       (50.9% logic, 49.1% route)

=========================================================================
Timing constraint: Default OFFSET IN BEFORE for Clock 'i_clk'
  Total number of paths / destination ports: 7 / 7
-------------------------------------------------------------------------
Offset:              1.105ns (Levels of Logic = 3)
  Source:            i_reset (PAD)
  Destination:       cnt_0 (FF)
  Destination Clock: i_clk rising

  Data Path: i_reset to cnt_0
                                Gate     Net
    Cell:in->out      fanout   Delay   Delay  Logical Name (Net Name)
    ----------------------------------------  ------------
     IBUF:I->O             7   0.001   0.407  i_reset_IBUF (i_reset_IBUF)
     LUT2:I0->O            1   0.097   0.000  cnt_0_rstpot_lut (cnt_0_rstpot_lut)
     MUXCY:S->O            1   0.592   0.000  cnt_0_rstpot_cy (cnt_0_rstpot)
     FD:D                      0.008          cnt_0
    ----------------------------------------
    Total                      1.105ns (0.698ns logic, 0.407ns route)
                                       (63.2% logic, 36.8% route)

=========================================================================
Timing constraint: Default OFFSET OUT AFTER for Clock 'i_clk'
  Total number of paths / destination ports: 1 / 1
-------------------------------------------------------------------------
Offset:              1.121ns (Levels of Logic = 2)
  Source:            hz_out (FF)
  Destination:       o_blink (PAD)
  Source Clock:      i_clk rising

  Data Path: hz_out to o_blink
                                Gate     Net
    Cell:in->out      fanout   Delay   Delay  Logical Name (Net Name)
    ----------------------------------------  ------------
     FDR:C->Q              2   0.361   0.383  hz_out (hz_out)
     LUT2:I0->O            1   0.097   0.279  o_blink1 (o_blink_OBUF)
     OBUF:I->O                 0.000          o_blink_OBUF (o_blink)
    ----------------------------------------
    Total                      1.121ns (0.458ns logic, 0.663ns route)
                                       (40.9% logic, 59.1% route)

=========================================================================
Timing constraint: Default path analysis
  Total number of paths / destination ports: 1 / 1
-------------------------------------------------------------------------
Delay:               0.673ns (Levels of Logic = 3)
  Source:            i_en (PAD)
  Destination:       o_blink (PAD)

  Data Path: i_en to o_blink
                                Gate     Net
    Cell:in->out      fanout   Delay   Delay  Logical Name (Net Name)
    ----------------------------------------  ------------
     IBUF:I->O             1   0.001   0.295  i_en_IBUF (i_en_IBUF)
     LUT2:I1->O            1   0.097   0.279  o_blink1 (o_blink_OBUF)
     OBUF:I->O                 0.000          o_blink_OBUF (o_blink)
    ----------------------------------------
    Total                      0.673ns (0.098ns logic, 0.575ns route)
                                       (14.6% logic, 85.4% route)

=========================================================================

Cross Clock Domains Report:
--------------------------

Clock to Setup on destination clock i_clk
---------------+---------+---------+---------+---------+
               | Src:Rise| Src:Fall| Src:Rise| Src:Fall|
Source Clock   |Dest:Rise|Dest:Rise|Dest:Fall|Dest:Fall|
---------------+---------+---------+---------+---------+
i_clk          |    2.070|         |         |         |
---------------+---------+---------+---------+---------+

=========================================================================


Total REAL time to Xst completion: 53.00 secs
Total CPU time to Xst completion: 44.95 secs
 
--> 


Total memory usage is 504012 kilobytes

Number of errors   :    0 (   0 filtered)
Number of warnings :   26 (   0 filtered)
Number of infos    :    0 (   0 filtered)

